Archive member included to satisfy reference by file (symbol)

C:/ST/STM32CubeCLT_1.16.0/GNU-tools-for-STM32/bin/../lib/gcc/arm-none-eabi/12.3.1/../../../../arm-none-eabi/lib/thumb/v7e-m+fp/hard\libc_nano.a(libc_a-exit.o)
                              C:/ST/STM32CubeCLT_1.16.0/GNU-tools-for-STM32/bin/../lib/gcc/arm-none-eabi/12.3.1/../../../../arm-none-eabi/lib/thumb/v7e-m+fp/hard/crt0.o (exit)
C:/ST/STM32CubeCLT_1.16.0/GNU-tools-for-STM32/bin/../lib/gcc/arm-none-eabi/12.3.1/../../../../arm-none-eabi/lib/thumb/v7e-m+fp/hard\libc_nano.a(libc_a-findfp.o)
                              C:/ST/STM32CubeCLT_1.16.0/GNU-tools-for-STM32/bin/../lib/gcc/arm-none-eabi/12.3.1/../../../../arm-none-eabi/lib/thumb/v7e-m+fp/hard\libc_nano.a(libc_a-exit.o) (__stdio_exit_handler)
C:/ST/STM32CubeCLT_1.16.0/GNU-tools-for-STM32/bin/../lib/gcc/arm-none-eabi/12.3.1/../../../../arm-none-eabi/lib/thumb/v7e-m+fp/hard\libc_nano.a(libc_a-fwalk.o)
                              C:/ST/STM32CubeCLT_1.16.0/GNU-tools-for-STM32/bin/../lib/gcc/arm-none-eabi/12.3.1/../../../../arm-none-eabi/lib/thumb/v7e-m+fp/hard\libc_nano.a(libc_a-findfp.o) (_fwalk_sglue)
C:/ST/STM32CubeCLT_1.16.0/GNU-tools-for-STM32/bin/../lib/gcc/arm-none-eabi/12.3.1/../../../../arm-none-eabi/lib/thumb/v7e-m+fp/hard\libc_nano.a(libc_a-stdio.o)
                              C:/ST/STM32CubeCLT_1.16.0/GNU-tools-for-STM32/bin/../lib/gcc/arm-none-eabi/12.3.1/../../../../arm-none-eabi/lib/thumb/v7e-m+fp/hard\libc_nano.a(libc_a-findfp.o) (__sread)
C:/ST/STM32CubeCLT_1.16.0/GNU-tools-for-STM32/bin/../lib/gcc/arm-none-eabi/12.3.1/../../../../arm-none-eabi/lib/thumb/v7e-m+fp/hard\libc_nano.a(libc_a-memset.o)
                              C:/ST/STM32CubeCLT_1.16.0/GNU-tools-for-STM32/bin/../lib/gcc/arm-none-eabi/12.3.1/../../../../arm-none-eabi/lib/thumb/v7e-m+fp/hard/crt0.o (memset)
C:/ST/STM32CubeCLT_1.16.0/GNU-tools-for-STM32/bin/../lib/gcc/arm-none-eabi/12.3.1/../../../../arm-none-eabi/lib/thumb/v7e-m+fp/hard\libc_nano.a(libc_a-closer.o)
                              C:/ST/STM32CubeCLT_1.16.0/GNU-tools-for-STM32/bin/../lib/gcc/arm-none-eabi/12.3.1/../../../../arm-none-eabi/lib/thumb/v7e-m+fp/hard\libc_nano.a(libc_a-stdio.o) (_close_r)
C:/ST/STM32CubeCLT_1.16.0/GNU-tools-for-STM32/bin/../lib/gcc/arm-none-eabi/12.3.1/../../../../arm-none-eabi/lib/thumb/v7e-m+fp/hard\libc_nano.a(libc_a-reent.o)
                              C:/ST/STM32CubeCLT_1.16.0/GNU-tools-for-STM32/bin/../lib/gcc/arm-none-eabi/12.3.1/../../../../arm-none-eabi/lib/thumb/v7e-m+fp/hard\libc_nano.a(libc_a-closer.o) (errno)
C:/ST/STM32CubeCLT_1.16.0/GNU-tools-for-STM32/bin/../lib/gcc/arm-none-eabi/12.3.1/../../../../arm-none-eabi/lib/thumb/v7e-m+fp/hard\libc_nano.a(libc_a-impure.o)
                              C:/ST/STM32CubeCLT_1.16.0/GNU-tools-for-STM32/bin/../lib/gcc/arm-none-eabi/12.3.1/../../../../arm-none-eabi/lib/thumb/v7e-m+fp/hard\libc_nano.a(libc_a-reent.o) (_impure_ptr)
C:/ST/STM32CubeCLT_1.16.0/GNU-tools-for-STM32/bin/../lib/gcc/arm-none-eabi/12.3.1/../../../../arm-none-eabi/lib/thumb/v7e-m+fp/hard\libc_nano.a(libc_a-lseekr.o)
                              C:/ST/STM32CubeCLT_1.16.0/GNU-tools-for-STM32/bin/../lib/gcc/arm-none-eabi/12.3.1/../../../../arm-none-eabi/lib/thumb/v7e-m+fp/hard\libc_nano.a(libc_a-stdio.o) (_lseek_r)
C:/ST/STM32CubeCLT_1.16.0/GNU-tools-for-STM32/bin/../lib/gcc/arm-none-eabi/12.3.1/../../../../arm-none-eabi/lib/thumb/v7e-m+fp/hard\libc_nano.a(libc_a-readr.o)
                              C:/ST/STM32CubeCLT_1.16.0/GNU-tools-for-STM32/bin/../lib/gcc/arm-none-eabi/12.3.1/../../../../arm-none-eabi/lib/thumb/v7e-m+fp/hard\libc_nano.a(libc_a-stdio.o) (_read_r)
C:/ST/STM32CubeCLT_1.16.0/GNU-tools-for-STM32/bin/../lib/gcc/arm-none-eabi/12.3.1/../../../../arm-none-eabi/lib/thumb/v7e-m+fp/hard\libc_nano.a(libc_a-writer.o)
                              C:/ST/STM32CubeCLT_1.16.0/GNU-tools-for-STM32/bin/../lib/gcc/arm-none-eabi/12.3.1/../../../../arm-none-eabi/lib/thumb/v7e-m+fp/hard\libc_nano.a(libc_a-stdio.o) (_write_r)
C:/ST/STM32CubeCLT_1.16.0/GNU-tools-for-STM32/bin/../lib/gcc/arm-none-eabi/12.3.1/../../../../arm-none-eabi/lib/thumb/v7e-m+fp/hard\libc_nano.a(libc_a-init.o)
                              C:/ST/STM32CubeCLT_1.16.0/GNU-tools-for-STM32/bin/../lib/gcc/arm-none-eabi/12.3.1/../../../../arm-none-eabi/lib/thumb/v7e-m+fp/hard/crt0.o (__libc_init_array)
C:/ST/STM32CubeCLT_1.16.0/GNU-tools-for-STM32/bin/../lib/gcc/arm-none-eabi/12.3.1/../../../../arm-none-eabi/lib/thumb/v7e-m+fp/hard\libc_nano.a(libc_a-lock.o)
                              C:/ST/STM32CubeCLT_1.16.0/GNU-tools-for-STM32/bin/../lib/gcc/arm-none-eabi/12.3.1/../../../../arm-none-eabi/lib/thumb/v7e-m+fp/hard\libc_nano.a(libc_a-findfp.o) (__retarget_lock_init_recursive)
C:/ST/STM32CubeCLT_1.16.0/GNU-tools-for-STM32/bin/../lib/gcc/arm-none-eabi/12.3.1/../../../../arm-none-eabi/lib/thumb/v7e-m+fp/hard\libc_nano.a(libc_a-freer.o)
[...]
Memory Configuration

Name             Origin             Length             Attributes
RAM              0x20000000         0x00018000         xrw
RAM2             0x10000000         0x00008000         xrw
FLASH            0x08000000         0x00100000         xr
*default*        0x00000000         0xffffffff

Linker script and memory map

LOAD C:/ST/STM32CubeCLT_1.16.0/GNU-tools-for-STM32/bin/../lib/gcc/arm-none-eabi/12.3.1/thumb/v7e-m+fp/hard/crti.o
LOAD C:/ST/STM32CubeCLT_1.16.0/GNU-tools-for-STM32/bin/../lib/gcc/arm-none-eabi/12.3.1/thumb/v7e-m+fp/hard/crtbegin.o
LOAD C:/ST/STM32CubeCLT_1.16.0/GNU-tools-for-STM32/bin/../lib/gcc/arm-none-eabi/12.3.1/../../../../arm-none-eabi/lib/thumb/v7e-m+fp/hard/crt0.o
START GROUP
LOAD C:/ST/STM32CubeCLT_1.16.0/GNU-tools-for-STM32/bin/../lib/gcc/arm-none-eabi/12.3.1/../../../../arm-none-eabi/lib/thumb/v7e-m+fp/hard\libc_nano.a
LOAD C:/ST/STM32CubeCLT_1.16.0/GNU-tools-for-STM32/bin/../lib/gcc/arm-none-eabi/12.3.1/../../../../arm-none-eabi/lib/thumb/v7e-m+fp/hard\libm.a
END GROUP
LOAD CMakeFiles/4100901-Access_Control_System.dir/Core/Src/main.c.obj
LOAD CMakeFiles/4100901-Access_Control_System.dir/Core/Src/stm32l4xx_it.c.obj
LOAD CMakeFiles/4100901-Access_Control_System.dir/Core/Src/stm32l4xx_hal_msp.c.obj
LOAD CMakeFiles/4100901-Access_Control_System.dir/Drivers/STM32L4xx_HAL_Driver/Src/stm32l4xx_hal_uart.c.obj
LOAD CMakeFiles/4100901-Access_Control_System.dir/Drivers/STM32L4xx_HAL_Driver/Src/stm32l4xx_hal_uart_ex.c.obj
LOAD CMakeFiles/4100901-Access_Control_System.dir/Drivers/STM32L4xx_HAL_Driver/Src/stm32l4xx_hal.c.obj
LOAD CMakeFiles/4100901-Access_Control_System.dir/Drivers/STM32L4xx_HAL_Driver/Src/stm32l4xx_hal_rcc.c.obj
LOAD CMakeFiles/4100901-Access_Control_System.dir/Drivers/STM32L4xx_HAL_Driver/Src/stm32l4xx_hal_rcc_ex.c.obj
LOAD CMakeFiles/4100901-Access_Control_System.dir/Drivers/STM32L4xx_HAL_Driver/Src/stm32l4xx_hal_flash.c.obj
LOAD CMakeFiles/4100901-Access_Control_System.dir/Drivers/STM32L4xx_HAL_Driver/Src/stm32l4xx_hal_flash_ex.c.obj
LOAD CMakeFiles/4100901-Access_Control_System.dir/Drivers/STM32L4xx_HAL_Driver/Src/stm32l4xx_hal_flash_ramfunc.c.obj
LOAD CMakeFiles/4100901-Access_Control_System.dir/Drivers/STM32L4xx_HAL_Driver/Src/stm32l4xx_hal_gpio.c.obj
LOAD CMakeFiles/4100901-Access_Control_System.dir/Drivers/STM32L4xx_HAL_Driver/Src/stm32l4xx_hal_i2c.c.obj
LOAD CMakeFiles/4100901-Access_Control_System.dir/Drivers/STM32L4xx_HAL_Driver/Src/stm32l4xx_hal_i2c_ex.c.obj
LOAD CMakeFiles/4100901-Access_Control_System.dir/Drivers/STM32L4xx_HAL_Driver/Src/stm32l4xx_hal_dma.c.obj
LOAD CMakeFiles/4100901-Access_Control_System.dir/Drivers/STM32L4xx_HAL_Driver/Src/stm32l4xx_hal_dma_ex.c.obj
LOAD CMakeFiles/4100901-Access_Control_System.dir/Drivers/STM32L4xx_HAL_Driver/Src/stm32l4xx_hal_pwr.c.obj
LOAD CMakeFiles/4100901-Access_Control_System.dir/Drivers/STM32L4xx_HAL_Driver/Src/stm32l4xx_hal_pwr_ex.c.obj
LOAD CMakeFiles/4100901-Access_Control_System.dir/Drivers/STM32L4xx_HAL_Driver/Src/stm32l4xx_hal_cortex.c.obj
LOAD CMakeFiles/4100901-Access_Control_System.dir/Drivers/STM32L4xx_HAL_Driver/Src/stm32l4xx_hal_exti.c.obj
LOAD CMakeFiles/4100901-Access_Control_System.dir/Core/Src/system_stm32l4xx.c.obj
LOAD CMakeFiles/4100901-Access_Control_System.dir/Core/Src/sysmem.c.obj
LOAD CMakeFiles/4100901-Access_Control_System.dir/Core/Src/syscalls.c.obj
LOAD CMakeFiles/4100901-Access_Control_System.dir/startup_stm32l476xx.s.obj
START GROUP
LOAD C:/ST/STM32CubeCLT_1.16.0/GNU-tools-for-STM32/bin/../lib/gcc/arm-none-eabi/12.3.1/thumb/v7e-m+fp/hard\libgcc.a
LOAD C:/ST/STM32CubeCLT_1.16.0/GNU-tools-for-STM32/bin/../lib/gcc/arm-none-eabi/12.3.1/../../../../arm-none-eabi/lib/thumb/v7e-m+fp/hard\libg_nano.a
LOAD C:/ST/STM32CubeCLT_1.16.0/GNU-tools-for-STM32/bin/../lib/gcc/arm-none-eabi/12.3.1/../../../../arm-none-eabi/lib/thumb/v7e-m+fp/hard\libc_nano.a
END GROUP
START GROUP
LOAD C:/ST/STM32CubeCLT_1.16.0/GNU-tools-for-STM32/bin/../lib/gcc/arm-none-eabi/12.3.1/thumb/v7e-m+fp/hard\libgcc.a
LOAD C:/ST/STM32CubeCLT_1.16.0/GNU-tools-for-STM32/bin/../lib/gcc/arm-none-eabi/12.3.1/../../../../arm-none-eabi/lib/thumb/v7e-m+fp/hard\libc_nano.a
END GROUP
LOAD C:/ST/STM32CubeCLT_1.16.0/GNU-tools-for-STM32/bin/../lib/gcc/arm-none-eabi/12.3.1/thumb/v7e-m+fp/hard/crtend.o
LOAD C:/ST/STM32CubeCLT_1.16.0/GNU-tools-for-STM32/bin/../lib/gcc/arm-none-eabi/12.3.1/thumb/v7e-m+fp/hard/crtn.o
                0x20018000                        _estack = (ORIGIN (RAM) + LENGTH (RAM))
                0x00000200                        _Min_Heap_Size = 0x200
                0x00000400                        _Min_Stack_Size = 0x400

.isr_vector     0x08000000      0x188
                0x08000000                        . = ALIGN (0x8)
 *(.isr_vector)
 .isr_vector    0x08000000      0x188 CMakeFiles/4100901-Access_Control_System.dir/startup_stm32l476xx.s.obj
                0x08000000                g_pfnVectors
                0x08000188                        . = ALIGN (0x8)

.text           0x08000188     0x36f8
                0x08000188                        . = ALIGN (0x8)
 *(.text)
 .text          0x08000188       0x40 C:/ST/STM32CubeCLT_1.16.0/GNU-tools-for-STM32/bin/../lib/gcc/arm-none-eabi/12.3.1/thumb/v7e-m+fp/hard/crtbegin.o
 .text          0x080001c8       0x30 C:/ST/STM32CubeCLT_1.16.0/GNU-tools-for-STM32/bin/../lib/gcc/arm-none-eabi/12.3.1/thumb/v7e-m+fp/hard\libgcc.a(_aeabi_uldivmod.o)
                0x080001c8                __aeabi_uldivmod
 .text          0x080001f8      0x2bc C:/ST/STM32CubeCLT_1.16.0/GNU-tools-for-STM32/bin/../lib/gcc/arm-none-eabi/12.3.1/thumb/v7e-m+fp/hard\libgcc.a(_udivmoddi4.o)
                0x080001f8                __udivmoddi4
 .text          0x080004b4        0x4 C:/ST/STM32CubeCLT_1.16.0/GNU-tools-for-STM32/bin/../lib/gcc/arm-none-eabi/12.3.1/thumb/v7e-m+fp/hard\libgcc.a(_dvmd_tls.o)
                0x080004b4                __aeabi_idiv0
                0x080004b4                __aeabi_ldiv0
 *(.text*)
 .text.memset   0x080004b8       0x10 C:/ST/STM32CubeCLT_1.16.0/GNU-tools-for-STM32/bin/../lib/gcc/arm-none-eabi/12.3.1/../../../../arm-none-eabi/lib/thumb/v7e-m+fp/hard\libc_nano.a(libc_a-memset.o)
                0x080004b8                memset
 .text.__libc_init_array
                0x080004c8       0x48 C:/ST/STM32CubeCLT_1.16.0/GNU-tools-for-STM32/bin/../lib/gcc/arm-none-eabi/12.3.1/../../../../arm-none-eabi/lib/thumb/v7e-m+fp/hard\libc_nano.a(libc_a-init.o)
                0x080004c8                __libc_init_array
 .text.main     0x08000510       0x18 CMakeFiles/4100901-Access_Control_System.dir/Core/Src/main.c.obj
                0x08000510                main
 .text.SystemClock_Config
                0x08000528       0xa2 CMakeFiles/4100901-Access_Control_System.dir/Core/Src/main.c.obj
                0x08000528                SystemClock_Config
 *fill*         0x080005ca        0x2 
 .text.MX_USART2_UART_Init
                0x080005cc       0x60 CMakeFiles/4100901-Access_Control_System.dir/Core/Src/main.c.obj
 .text.MX_GPIO_Init
                0x0800062c       0xdc CMakeFiles/4100901-Access_Control_System.dir/Core/Src/main.c.obj
 .text.Error_Handler
                0x08000708        0xc CMakeFiles/4100901-Access_Control_System.dir/Core/Src/main.c.obj
                0x08000708                Error_Handler
 .text.NMI_Handler
                0x08000714        0x8 CMakeFiles/4100901-Access_Control_System.dir/Core/Src/stm32l4xx_it.c.obj
                0x08000714                NMI_Handler
 .text.HardFault_Handler
                0x0800071c        0x8 CMakeFiles/4100901-Access_Control_System.dir/Core/Src/stm32l4xx_it.c.obj
                0x0800071c                HardFault_Handler
 .text.MemManage_Handler
                0x08000724        0x8 CMakeFiles/4100901-Access_Control_System.dir/Core/Src/stm32l4xx_it.c.obj
                0x08000724                MemManage_Handler
 .text.BusFault_Handler
                0x0800072c        0x8 CMakeFiles/4100901-Access_Control_System.dir/Core/Src/stm32l4xx_it.c.obj
                0x0800072c                BusFault_Handler
 .text.UsageFault_Handler
                0x08000734        0x8 CMakeFiles/4100901-Access_Control_System.dir/Core/Src/stm32l4xx_it.c.obj
                0x08000734                UsageFault_Handler
 .text.SVC_Handler
                0x0800073c        0xe CMakeFiles/4100901-Access_Control_System.dir/Core/Src/stm32l4xx_it.c.obj
                0x0800073c                SVC_Handler
 .text.DebugMon_Handler
                0x0800074a        0xe CMakeFiles/4100901-Access_Control_System.dir/Core/Src/stm32l4xx_it.c.obj
                0x0800074a                DebugMon_Handler
 .text.PendSV_Handler
                0x08000758        0xe CMakeFiles/4100901-Access_Control_System.dir/Core/Src/stm32l4xx_it.c.obj
                0x08000758                PendSV_Handler
 .text.SysTick_Handler
                0x08000766        0xc CMakeFiles/4100901-Access_Control_System.dir/Core/Src/stm32l4xx_it.c.obj
                0x08000766                SysTick_Handler
 *fill*         0x08000772        0x2 
 .text.USART2_IRQHandler
                0x08000774       0x14 CMakeFiles/4100901-Access_Control_System.dir/Core/Src/stm32l4xx_it.c.obj
                0x08000774                USART2_IRQHandler
 .text.EXTI15_10_IRQHandler
                0x08000788       0x10 CMakeFiles/4100901-Access_Control_System.dir/Core/Src/stm32l4xx_it.c.obj
                0x08000788                EXTI15_10_IRQHandler
 .text.HAL_MspInit
                0x08000798       0x48 CMakeFiles/4100901-Access_Control_System.dir/Core/Src/stm32l4xx_hal_msp.c.obj
                0x08000798                HAL_MspInit
 .text.HAL_UART_MspInit
                0x080007e0       0xc8 CMakeFiles/4100901-Access_Control_System.dir/Core/Src/stm32l4xx_hal_msp.c.obj
                0x080007e0                HAL_UART_MspInit
 .text.HAL_UART_Init
                0x080008a8       0x9c CMakeFiles/4100901-Access_Control_System.dir/Drivers/STM32L4xx_HAL_Driver/Src/stm32l4xx_hal_uart.c.obj
                0x080008a8                HAL_UART_Init
 .text.HAL_UART_IRQHandler
                0x08000944      0x60c CMakeFiles/4100901-Access_Control_System.dir/Drivers/STM32L4xx_HAL_Driver/Src/stm32l4xx_hal_uart.c.obj
                0x08000944                HAL_UART_IRQHandler
 .text.HAL_UART_TxCpltCallback
                0x08000f50       0x14 CMakeFiles/4100901-Access_Control_System.dir/Drivers/STM32L4xx_HAL_Driver/Src/stm32l4xx_hal_uart.c.obj
                0x08000f50                HAL_UART_TxCpltCallback
 .text.HAL_UART_ErrorCallback
                0x08000f64       0x14 CMakeFiles/4100901-Access_Control_System.dir/Drivers/STM32L4xx_HAL_Driver/Src/stm32l4xx_hal_uart.c.obj
                0x08000f64                HAL_UART_ErrorCallback
 .text.HAL_UARTEx_RxEventCallback
                0x08000f78       0x18 CMakeFiles/4100901-Access_Control_System.dir/Drivers/STM32L4xx_HAL_Driver/Src/stm32l4xx_hal_uart.c.obj
                0x08000f78                HAL_UARTEx_RxEventCallback
 .text.UART_SetConfig
                0x08000f90      0x570 CMakeFiles/4100901-Access_Control_System.dir/Drivers/STM32L4xx_HAL_Driver/Src/stm32l4xx_hal_uart.c.obj
                0x08000f90                UART_SetConfig
 .text.UART_AdvFeatureConfig
                0x08001500      0x144 CMakeFiles/4100901-Access_Control_System.dir/Drivers/STM32L4xx_HAL_Driver/Src/stm32l4xx_hal_uart.c.obj
                0x08001500                UART_AdvFeatureConfig
 .text.UART_CheckIdleState
                0x08001644      0x150 CMakeFiles/4100901-Access_Control_System.dir/Drivers/STM32L4xx_HAL_Driver/Src/stm32l4xx_hal_uart.c.obj
                0x08001644                UART_CheckIdleState
 .text.UART_WaitOnFlagUntilTimeout
                0x08001794       0xda CMakeFiles/4100901-Access_Control_System.dir/Drivers/STM32L4xx_HAL_Driver/Src/stm32l4xx_hal_uart.c.obj
                0x08001794                UART_WaitOnFlagUntilTimeout
 .text.UART_EndRxTransfer
                0x0800186e       0xc8 CMakeFiles/4100901-Access_Control_System.dir/Drivers/STM32L4xx_HAL_Driver/Src/stm32l4xx_hal_uart.c.obj
 .text.UART_DMAAbortOnError
                0x08001936       0x2c CMakeFiles/4100901-Access_Control_System.dir/Drivers/STM32L4xx_HAL_Driver/Src/stm32l4xx_hal_uart.c.obj
 .text.UART_EndTransmit_IT
                0x08001962       0x54 CMakeFiles/4100901-Access_Control_System.dir/Drivers/STM32L4xx_HAL_Driver/Src/stm32l4xx_hal_uart.c.obj
 .text.HAL_UARTEx_WakeupCallback
                0x080019b6       0x14 CMakeFiles/4100901-Access_Control_System.dir/Drivers/STM32L4xx_HAL_Driver/Src/stm32l4xx_hal_uart_ex.c.obj
                0x080019b6                HAL_UARTEx_WakeupCallback
 *fill*         0x080019ca        0x2 
 .text.HAL_Init
                0x080019cc       0x40 CMakeFiles/4100901-Access_Control_System.dir/Drivers/STM32L4xx_HAL_Driver/Src/stm32l4xx_hal.c.obj
                0x080019cc                HAL_Init
 .text.HAL_InitTick
                0x08001a0c       0x78 CMakeFiles/4100901-Access_Control_System.dir/Drivers/STM32L4xx_HAL_Driver/Src/stm32l4xx_hal.c.obj
                0x08001a0c                HAL_InitTick
 .text.HAL_IncTick
                0x08001a84       0x28 CMakeFiles/4100901-Access_Control_System.dir/Drivers/STM32L4xx_HAL_Driver/Src/stm32l4xx_hal.c.obj
                0x08001a84                HAL_IncTick
 .text.HAL_GetTick
                0x08001aac       0x18 CMakeFiles/4100901-Access_Control_System.dir/Drivers/STM32L4xx_HAL_Driver/Src/stm32l4xx_hal.c.obj
                0x08001aac                HAL_GetTick
 .text.HAL_RCC_OscConfig
                0x08001ac4      0x7b8 CMakeFiles/4100901-Access_Control_System.dir/Drivers/STM32L4xx_HAL_Driver/Src/stm32l4xx_hal_rcc.c.obj
                0x08001ac4                HAL_RCC_OscConfig
 .text.HAL_RCC_ClockConfig
                0x0800227c      0x200 CMakeFiles/4100901-Access_Control_System.dir/Drivers/STM32L4xx_HAL_Driver/Src/stm32l4xx_hal_rcc.c.obj
                0x0800227c                HAL_RCC_ClockConfig
 .text.HAL_RCC_GetSysClockFreq
                0x0800247c      0x118 CMakeFiles/4100901-Access_Control_System.dir/Drivers/STM32L4xx_HAL_Driver/Src/stm32l4xx_hal_rcc.c.obj
                0x0800247c                HAL_RCC_GetSysClockFreq
 .text.HAL_RCC_GetHCLKFreq
                0x08002594       0x18 CMakeFiles/4100901-Access_Control_System.dir/Drivers/STM32L4xx_HAL_Driver/Src/stm32l4xx_hal_rcc.c.obj
                0x08002594                HAL_RCC_GetHCLKFreq
 .text.HAL_RCC_GetPCLK1Freq
                0x080025ac       0x2c CMakeFiles/4100901-Access_Control_System.dir/Drivers/STM32L4xx_HAL_Driver/Src/stm32l4xx_hal_rcc.c.obj
                0x080025ac                HAL_RCC_GetPCLK1Freq
 .text.HAL_RCC_GetPCLK2Freq
                0x080025d8       0x2c CMakeFiles/4100901-Access_Control_System.dir/Drivers/STM32L4xx_HAL_Driver/Src/stm32l4xx_hal_rcc.c.obj
                0x080025d8                HAL_RCC_GetPCLK2Freq
 .text.RCC_SetFlashLatencyFromMSIRange
                0x08002604       0xc0 CMakeFiles/4100901-Access_Control_System.dir/Drivers/STM32L4xx_HAL_Driver/Src/stm32l4xx_hal_rcc.c.obj
 .text.HAL_RCCEx_PeriphCLKConfig
                0x080026c4      0x5d4 CMakeFiles/4100901-Access_Control_System.dir/Drivers/STM32L4xx_HAL_Driver/Src/stm32l4xx_hal_rcc_ex.c.obj
                0x080026c4                HAL_RCCEx_PeriphCLKConfig
 .text.RCCEx_PLLSAI1_Config
                0x08002c98      0x1e8 CMakeFiles/4100901-Access_Control_System.dir/Drivers/STM32L4xx_HAL_Driver/Src/stm32l4xx_hal_rcc_ex.c.obj
 .text.RCCEx_PLLSAI2_Config
                0x08002e80      0x1bc CMakeFiles/4100901-Access_Control_System.dir/Drivers/STM32L4xx_HAL_Driver/Src/stm32l4xx_hal_rcc_ex.c.obj
 .text.HAL_GPIO_Init
                0x0800303c      0x354 CMakeFiles/4100901-Access_Control_System.dir/Drivers/STM32L4xx_HAL_Driver/Src/stm32l4xx_hal_gpio.c.obj
                0x0800303c                HAL_GPIO_Init
 .text.HAL_GPIO_WritePin
                0x08003390       0x30 CMakeFiles/4100901-Access_Control_System.dir/Drivers/STM32L4xx_HAL_Driver/Src/stm32l4xx_hal_gpio.c.obj
                0x08003390                HAL_GPIO_WritePin
 .text.HAL_GPIO_EXTI_IRQHandler
                0x080033c0       0x30 CMakeFiles/4100901-Access_Control_System.dir/Drivers/STM32L4xx_HAL_Driver/Src/stm32l4xx_hal_gpio.c.obj
                0x080033c0                HAL_GPIO_EXTI_IRQHandler
 .text.HAL_GPIO_EXTI_Callback
                0x080033f0       0x16 CMakeFiles/4100901-Access_Control_System.dir/Drivers/STM32L4xx_HAL_Driver/Src/stm32l4xx_hal_gpio.c.obj
                0x080033f0                HAL_GPIO_EXTI_Callback
 .text.HAL_DMA_Abort
                0x08003406       0x7c CMakeFiles/4100901-Access_Control_System.dir/Drivers/STM32L4xx_HAL_Driver/Src/stm32l4xx_hal_dma.c.obj
                0x08003406                HAL_DMA_Abort
 .text.HAL_DMA_Abort_IT
                0x08003482       0x82 CMakeFiles/4100901-Access_Control_System.dir/Drivers/STM32L4xx_HAL_Driver/Src/stm32l4xx_hal_dma.c.obj
                0x08003482                HAL_DMA_Abort_IT
 .text.HAL_PWREx_GetVoltageRange
                0x08003504       0x1c CMakeFiles/4100901-Access_Control_System.dir/Drivers/STM32L4xx_HAL_Driver/Src/stm32l4xx_hal_pwr_ex.c.obj
                0x08003504                HAL_PWREx_GetVoltageRange
 .text.HAL_PWREx_ControlVoltageScaling
                0x08003520       0xac CMakeFiles/4100901-Access_Control_System.dir/Drivers/STM32L4xx_HAL_Driver/Src/stm32l4xx_hal_pwr_ex.c.obj
                0x08003520                HAL_PWREx_ControlVoltageScaling
 .text.__NVIC_SetPriorityGrouping
                0x080035cc       0x48 CMakeFiles/4100901-Access_Control_System.dir/Drivers/STM32L4xx_HAL_Driver/Src/stm32l4xx_hal_cortex.c.obj
 .text.__NVIC_GetPriorityGrouping
                0x08003614       0x1c CMakeFiles/4100901-Access_Control_System.dir/Drivers/STM32L4xx_HAL_Driver/Src/stm32l4xx_hal_cortex.c.obj
 .text.__NVIC_EnableIRQ
                0x08003630       0x3c CMakeFiles/4100901-Access_Control_System.dir/Drivers/STM32L4xx_HAL_Driver/Src/stm32l4xx_hal_cortex.c.obj
 .text.__NVIC_SetPriority
                0x0800366c       0x54 CMakeFiles/4100901-Access_Control_System.dir/Drivers/STM32L4xx_HAL_Driver/Src/stm32l4xx_hal_cortex.c.obj
 .text.NVIC_EncodePriority
                0x080036c0       0x66 CMakeFiles/4100901-Access_Control_System.dir/Drivers/STM32L4xx_HAL_Driver/Src/stm32l4xx_hal_cortex.c.obj
 *fill*         0x08003726        0x2 
 .text.SysTick_Config
                0x08003728       0x44 CMakeFiles/4100901-Access_Control_System.dir/Drivers/STM32L4xx_HAL_Driver/Src/stm32l4xx_hal_cortex.c.obj
 .text.HAL_NVIC_SetPriorityGrouping
                0x0800376c       0x16 CMakeFiles/4100901-Access_Control_System.dir/Drivers/STM32L4xx_HAL_Driver/Src/stm32l4xx_hal_cortex.c.obj
                0x0800376c                HAL_NVIC_SetPriorityGrouping
 .text.HAL_NVIC_SetPriority
                0x08003782       0x38 CMakeFiles/4100901-Access_Control_System.dir/Drivers/STM32L4xx_HAL_Driver/Src/stm32l4xx_hal_cortex.c.obj
                0x08003782                HAL_NVIC_SetPriority
 .text.HAL_NVIC_EnableIRQ
                0x080037ba       0x1c CMakeFiles/4100901-Access_Control_System.dir/Drivers/STM32L4xx_HAL_Driver/Src/stm32l4xx_hal_cortex.c.obj
                0x080037ba                HAL_NVIC_EnableIRQ
 .text.HAL_SYSTICK_Config
                0x080037d6       0x18 CMakeFiles/4100901-Access_Control_System.dir/Drivers/STM32L4xx_HAL_Driver/Src/stm32l4xx_hal_cortex.c.obj
                0x080037d6                HAL_SYSTICK_Config
 *fill*         0x080037ee        0x2 
 .text.SystemInit
                0x080037f0       0x24 CMakeFiles/4100901-Access_Control_System.dir/Core/Src/system_stm32l4xx.c.obj
                0x080037f0                SystemInit
 .text.Reset_Handler
                0x08003814       0x50 CMakeFiles/4100901-Access_Control_System.dir/startup_stm32l476xx.s.obj
                0x08003814                Reset_Handler
 .text.Default_Handler
                0x08003864        0x2 CMakeFiles/4100901-Access_Control_System.dir/startup_stm32l476xx.s.obj
                0x08003864                RTC_Alarm_IRQHandler
                0x08003864                EXTI2_IRQHandler
                0x08003864                TIM8_TRG_COM_IRQHandler
                0x08003864                TIM8_CC_IRQHandler
                0x08003864                TIM1_CC_IRQHandler
                0x08003864                TSC_IRQHandler
                0x08003864                TAMP_STAMP_IRQHandler
                0x08003864                EXTI3_IRQHandler
                0x08003864                LPTIM2_IRQHandler
                0x08003864                DFSDM1_FLT1_IRQHandler
                0x08003864                I2C3_ER_IRQHandler
                0x08003864                DFSDM1_FLT2_IRQHandler
                0x08003864                EXTI0_IRQHandler
                0x08003864                I2C2_EV_IRQHandler
                0x08003864                CAN1_RX0_IRQHandler
                0x08003864                FPU_IRQHandler
                0x08003864                TIM1_UP_TIM16_IRQHandler
                0x08003864                ADC1_2_IRQHandler
                0x08003864                SPI1_IRQHandler
                0x08003864                TIM6_DAC_IRQHandler
                0x08003864                TIM8_UP_IRQHandler
                0x08003864                DMA2_Channel2_IRQHandler
                0x08003864                DMA1_Channel4_IRQHandler
                0x08003864                SAI2_IRQHandler
                0x08003864                DFSDM1_FLT3_IRQHandler
                0x08003864                USART3_IRQHandler
                0x08003864                DMA1_Channel7_IRQHandler
                0x08003864                CAN1_RX1_IRQHandler
                0x08003864                LCD_IRQHandler
                0x08003864                UART5_IRQHandler
                0x08003864                ADC3_IRQHandler
                0x08003864                TIM4_IRQHandler
                0x08003864                DMA2_Channel1_IRQHandler
                0x08003864                QUADSPI_IRQHandler
                0x08003864                I2C1_EV_IRQHandler
                0x08003864                DMA1_Channel6_IRQHandler
                0x08003864                UART4_IRQHandler
                0x08003864                DMA2_Channel4_IRQHandler
                0x08003864                TIM3_IRQHandler
                0x08003864                RCC_IRQHandler
                0x08003864                DMA1_Channel1_IRQHandler
                0x08003864                Default_Handler
                0x08003864                DMA2_Channel7_IRQHandler
                0x08003864                TIM7_IRQHandler
                0x08003864                SDMMC1_IRQHandler
                0x08003864                TIM5_IRQHandler
                0x08003864                I2C3_EV_IRQHandler
                0x08003864                EXTI9_5_IRQHandler
                0x08003864                RTC_WKUP_IRQHandler
                0x08003864                PVD_PVM_IRQHandler
                0x08003864                SPI2_IRQHandler
                0x08003864                CAN1_TX_IRQHandler
                0x08003864                DMA2_Channel5_IRQHandler
                0x08003864                DMA1_Channel5_IRQHandler
                0x08003864                EXTI4_IRQHandler
                0x08003864                RNG_IRQHandler
                0x08003864                TIM1_TRG_COM_TIM17_IRQHandler
                0x08003864                DMA1_Channel3_IRQHandler
                0x08003864                COMP_IRQHandler
                0x08003864                WWDG_IRQHandler
                0x08003864                LPUART1_IRQHandler
                0x08003864                DMA2_Channel6_IRQHandler
                0x08003864                TIM2_IRQHandler
                0x08003864                EXTI1_IRQHandler
                0x08003864                DFSDM1_FLT0_IRQHandler
                0x08003864                I2C2_ER_IRQHandler
                0x08003864                DMA1_Channel2_IRQHandler
                0x08003864                TIM8_BRK_IRQHandler
                0x08003864                CAN1_SCE_IRQHandler
                0x08003864                FLASH_IRQHandler
                0x08003864                USART1_IRQHandler
                0x08003864                OTG_FS_IRQHandler
                0x08003864                SPI3_IRQHandler
                0x08003864                I2C1_ER_IRQHandler
                0x08003864                FMC_IRQHandler
                0x08003864                SWPMI1_IRQHandler
                0x08003864                LPTIM1_IRQHandler
                0x08003864                SAI1_IRQHandler
                0x08003864                DMA2_Channel3_IRQHandler
                0x08003864                TIM1_BRK_TIM15_IRQHandler
 *(.glue_7)
 .glue_7        0x08003866        0x0 linker stubs
 *(.glue_7t)
 .glue_7t       0x08003866        0x0 linker stubs
 *(.eh_frame)
 *fill*         0x08003866        0x2 
 .eh_frame      0x08003868        0x0 C:/ST/STM32CubeCLT_1.16.0/GNU-tools-for-STM32/bin/../lib/gcc/arm-none-eabi/12.3.1/thumb/v7e-m+fp/hard/crtbegin.o
 *(.init)
 .init          0x08003868        0x4 C:/ST/STM32CubeCLT_1.16.0/GNU-tools-for-STM32/bin/../lib/gcc/arm-none-eabi/12.3.1/thumb/v7e-m+fp/hard/crti.o
                0x08003868                _init
 .init          0x0800386c        0x8 C:/ST/STM32CubeCLT_1.16.0/GNU-tools-for-STM32/bin/../lib/gcc/arm-none-eabi/12.3.1/thumb/v7e-m+fp/hard/crtn.o
 *(.fini)
 .fini          0x08003874        0x4 C:/ST/STM32CubeCLT_1.16.0/GNU-tools-for-STM32/bin/../lib/gcc/arm-none-eabi/12.3.1/thumb/v7e-m+fp/hard/crti.o
                0x08003874                _fini
 .fini          0x08003878        0x8 C:/ST/STM32CubeCLT_1.16.0/GNU-tools-for-STM32/bin/../lib/gcc/arm-none-eabi/12.3.1/thumb/v7e-m+fp/hard/crtn.o
                0x08003880                        . = ALIGN (0x8)
                0x08003880                        _etext = .

.vfp11_veneer   0x08003880        0x0
 .vfp11_veneer  0x08003880        0x0 linker stubs

.v4_bx          0x08003880        0x0
 .v4_bx         0x08003880        0x0 linker stubs

.iplt           0x08003880        0x0
 .iplt          0x08003880        0x0 C:/ST/STM32CubeCLT_1.16.0/GNU-tools-for-STM32/bin/../lib/gcc/arm-none-eabi/12.3.1/thumb/v7e-m+fp/hard/crtbegin.o

.rodata         0x08003880       0x48
                0x08003880                        . = ALIGN (0x8)
 *(.rodata)
 *(.rodata*)
 .rodata.AHBPrescTable
                0x08003880       0x10 CMakeFiles/4100901-Access_Control_System.dir/Core/Src/system_stm32l4xx.c.obj
                0x08003880                AHBPrescTable
 .rodata.APBPrescTable
                0x08003890        0x8 CMakeFiles/4100901-Access_Control_System.dir/Core/Src/system_stm32l4xx.c.obj
                0x08003890                APBPrescTable
 .rodata.MSIRangeTable
                0x08003898       0x30 CMakeFiles/4100901-Access_Control_System.dir/Core/Src/system_stm32l4xx.c.obj
                0x08003898                MSIRangeTable
                0x080038c8                        . = ALIGN (0x8)

.ARM.extab      0x080038c8        0x0
                0x080038c8                        . = ALIGN (0x8)
 *(.ARM.extab* .gnu.linkonce.armextab.*)
                0x080038c8                        . = ALIGN (0x8)

.ARM            0x080038c8        0x8
                0x080038c8                        . = ALIGN (0x8)
                0x080038c8                        __exidx_start = .
 *(.ARM.exidx*)
 .ARM.exidx     0x080038c8        0x8 C:/ST/STM32CubeCLT_1.16.0/GNU-tools-for-STM32/bin/../lib/gcc/arm-none-eabi/12.3.1/thumb/v7e-m+fp/hard\libgcc.a(_udivmoddi4.o)
                0x080038d0                        __exidx_end = .
                0x080038d0                        . = ALIGN (0x8)

.rel.dyn        0x080038d0        0x0
 .rel.iplt      0x080038d0        0x0 C:/ST/STM32CubeCLT_1.16.0/GNU-tools-for-STM32/bin/../lib/gcc/arm-none-eabi/12.3.1/thumb/v7e-m+fp/hard/crtbegin.o

.preinit_array  0x080038d0        0x0
                0x080038d0                        . = ALIGN (0x8)
                0x080038d0                        PROVIDE (__preinit_array_start = .)
 *(.preinit_array*)
                0x080038d0                        PROVIDE (__preinit_array_end = .)
                0x080038d0                        . = ALIGN (0x8)

.init_array     0x080038d0        0x8
                0x080038d0                        . = ALIGN (0x8)
                0x080038d0                        PROVIDE (__init_array_start = .)
 *(SORT_BY_NAME(.init_array.*))
 *(.init_array*)
 .init_array    0x080038d0        0x4 C:/ST/STM32CubeCLT_1.16.0/GNU-tools-for-STM32/bin/../lib/gcc/arm-none-eabi/12.3.1/thumb/v7e-m+fp/hard/crtbegin.o
                0x080038d4                        PROVIDE (__init_array_end = .)
                0x080038d8                        . = ALIGN (0x8)
 *fill*         0x080038d4        0x4 

.fini_array     0x080038d8        0x8
                0x080038d8                        . = ALIGN (0x8)
                [!provide]                        PROVIDE (__fini_array_start = .)
 *(SORT_BY_NAME(.fini_array.*))
 *(.fini_array*)
 .fini_array    0x080038d8        0x4 C:/ST/STM32CubeCLT_1.16.0/GNU-tools-for-STM32/bin/../lib/gcc/arm-none-eabi/12.3.1/thumb/v7e-m+fp/hard/crtbegin.o
                [!provide]                        PROVIDE (__fini_array_end = .)
                0x080038e0                        . = ALIGN (0x8)
 *fill*         0x080038dc        0x4 
                0x080038e0                        _sidata = LOADADDR (.data)

.data           0x20000000       0x10 load address 0x080038e0
                0x20000000                        . = ALIGN (0x8)
                0x20000000                        _sdata = .
 *(.data)
 *(.data*)
 .data.uwTickPrio
                0x20000000        0x4 CMakeFiles/4100901-Access_Control_System.dir/Drivers/STM32L4xx_HAL_Driver/Src/stm32l4xx_hal.c.obj
                0x20000000                uwTickPrio
 .data.uwTickFreq
                0x20000004        0x1 CMakeFiles/4100901-Access_Control_System.dir/Drivers/STM32L4xx_HAL_Driver/Src/stm32l4xx_hal.c.obj
                0x20000004                uwTickFreq
 *fill*         0x20000005        0x3 
 .data.SystemCoreClock
                0x20000008        0x4 CMakeFiles/4100901-Access_Control_System.dir/Core/Src/system_stm32l4xx.c.obj
                0x20000008                SystemCoreClock
                0x20000010                        . = ALIGN (0x8)
 *fill*         0x2000000c        0x4 
                0x20000010                        _edata = .

.igot.plt       0x20000010        0x0 load address 0x080038f0
 .igot.plt      0x20000010        0x0 C:/ST/STM32CubeCLT_1.16.0/GNU-tools-for-STM32/bin/../lib/gcc/arm-none-eabi/12.3.1/thumb/v7e-m+fp/hard/crtbegin.o
                0x20000010                        . = ALIGN (0x4)

.bss            0x20000010       0xa8 load address 0x080038f0
                0x20000010                        _sbss = .
                0x20000010                        __bss_start__ = _sbss
 *(.bss)
 .bss           0x20000010       0x1c C:/ST/STM32CubeCLT_1.16.0/GNU-tools-for-STM32/bin/../lib/gcc/arm-none-eabi/12.3.1/thumb/v7e-m+fp/hard/crtbegin.o
 *(.bss*)
 .bss.huart2    0x2000002c       0x88 CMakeFiles/4100901-Access_Control_System.dir/Core/Src/main.c.obj
                0x2000002c                huart2
 .bss.uwTick    0x200000b4        0x4 CMakeFiles/4100901-Access_Control_System.dir/Drivers/STM32L4xx_HAL_Driver/Src/stm32l4xx_hal.c.obj
                0x200000b4                uwTick
 *(COMMON)
                0x200000b8                        . = ALIGN (0x4)
                0x200000b8                        _ebss = .
                0x200000b8                        __bss_end__ = _ebss

._user_heap_stack
                0x200000b8      0x600 load address 0x080038f0
                0x200000b8                        . = ALIGN (0x8)
                [!provide]                        PROVIDE (end = .)
                0x200000b8                        PROVIDE (_end = .)
                0x200002b8                        . = (. + _Min_Heap_Size)
 *fill*         0x200000b8      0x200 
                0x200006b8                        . = (. + _Min_Stack_Size)
 *fill*         0x200002b8      0x400 
                0x200006b8                        . = ALIGN (0x8)

/DISCARD/
 libc.a(*)
 libm.a(*)
 libgcc.a(*)
OUTPUT(4100901-Access_Control_System.elf elf32-littlearm)
LOAD linker stubs
LOAD C:/ST/STM32CubeCLT_1.16.0/GNU-tools-for-STM32/bin/../lib/gcc/arm-none-eabi/12.3.1/../../../../arm-none-eabi/lib/thumb/v7e-m+fp/hard\libc.a
LOAD C:/ST/STM32CubeCLT_1.16.0/GNU-tools-for-STM32/bin/../lib/gcc/arm-none-eabi/12.3.1/../../../../arm-none-eabi/lib/thumb/v7e-m+fp/hard\libm.a
LOAD C:/ST/STM32CubeCLT_1.16.0/GNU-tools-for-STM32/bin/../lib/gcc/arm-none-eabi/12.3.1/thumb/v7e-m+fp/hard\libgcc.a

.ARM.attributes
                0x00000000       0x30
 .ARM.attributes
                0x00000000       0x22 C:/ST/STM32CubeCLT_1.16.0/GNU-tools-for-STM32/bin/../lib/gcc/arm-none-eabi/12.3.1/thumb/v7e-m+fp/hard/crti.o
 .ARM.attributes
                0x00000022       0x34 C:/ST/STM32CubeCLT_1.16.0/GNU-tools-for-STM32/bin/../lib/gcc/arm-none-eabi/12.3.1/thumb/v7e-m+fp/hard/crtbegin.o
 .ARM.attributes
                0x00000056       0x34 C:/ST/STM32CubeCLT_1.16.0/GNU-tools-for-STM32/bin/../lib/gcc/arm-none-eabi/12.3.1/../../../../arm-none-eabi/lib/thumb/v7e-m+fp/hard\libc_nano.a(libc_a-memset.o)
 .ARM.attributes
                0x0000008a       0x34 C:/ST/STM32CubeCLT_1.16.0/GNU-tools-for-STM32/bin/../lib/gcc/arm-none-eabi/12.3.1/../../../../arm-none-eabi/lib/thumb/v7e-m+fp/hard\libc_nano.a(libc_a-init.o)
 .ARM.attributes
                0x000000be       0x34 CMakeFiles/4100901-Access_Control_System.dir/Core/Src/main.c.obj
 .ARM.attributes
                0x000000f2       0x34 CMakeFiles/4100901-Access_Control_System.dir/Core/Src/stm32l4xx_it.c.obj
 .ARM.attributes
                0x00000126       0x34 CMakeFiles/4100901-Access_Control_System.dir/Core/Src/stm32l4xx_hal_msp.c.obj
 .ARM.attributes
                0x0000015a       0x34 CMakeFiles/4100901-Access_Control_System.dir/Drivers/STM32L4xx_HAL_Driver/Src/stm32l4xx_hal_uart.c.obj
 .ARM.attributes
                0x0000018e       0x34 CMakeFiles/4100901-Access_Control_System.dir/Drivers/STM32L4xx_HAL_Driver/Src/stm32l4xx_hal_uart_ex.c.obj
 .ARM.attributes
                0x000001c2       0x34 CMakeFiles/4100901-Access_Control_System.dir/Drivers/STM32L4xx_HAL_Driver/Src/stm32l4xx_hal.c.obj
 .ARM.attributes
                0x000001f6       0x34 CMakeFiles/4100901-Access_Control_System.dir/Drivers/STM32L4xx_HAL_Driver/Src/stm32l4xx_hal_rcc.c.obj
 .ARM.attributes
                0x0000022a       0x34 CMakeFiles/4100901-Access_Control_System.dir/Drivers/STM32L4xx_HAL_Driver/Src/stm32l4xx_hal_rcc_ex.c.obj
 .ARM.attributes
                0x0000025e       0x34 CMakeFiles/4100901-Access_Control_System.dir/Drivers/STM32L4xx_HAL_Driver/Src/stm32l4xx_hal_gpio.c.obj
 .ARM.attributes
                0x00000292       0x34 CMakeFiles/4100901-Access_Control_System.dir/Drivers/STM32L4xx_HAL_Driver/Src/stm32l4xx_hal_dma.c.obj
 .ARM.attributes
                0x000002c6       0x34 CMakeFiles/4100901-Access_Control_System.dir/Drivers/STM32L4xx_HAL_Driver/Src/stm32l4xx_hal_pwr_ex.c.obj
 .ARM.attributes
                0x000002fa       0x34 CMakeFiles/4100901-Access_Control_System.dir/Drivers/STM32L4xx_HAL_Driver/Src/stm32l4xx_hal_cortex.c.obj
 .ARM.attributes
                0x0000032e       0x34 CMakeFiles/4100901-Access_Control_System.dir/Core/Src/system_stm32l4xx.c.obj
 .ARM.attributes
                0x00000362       0x21 CMakeFiles/4100901-Access_Control_System.dir/startup_stm32l476xx.s.obj
 .ARM.attributes
                0x00000383       0x22 C:/ST/STM32CubeCLT_1.16.0/GNU-tools-for-STM32/bin/../lib/gcc/arm-none-eabi/12.3.1/thumb/v7e-m+fp/hard\libgcc.a(_aeabi_uldivmod.o)
 .ARM.attributes
                0x000003a5       0x34 C:/ST/STM32CubeCLT_1.16.0/GNU-tools-for-STM32/bin/../lib/gcc/arm-none-eabi/12.3.1/thumb/v7e-m+fp/hard\libgcc.a(_udivmoddi4.o)
 .ARM.attributes
                0x000003d9       0x22 C:/ST/STM32CubeCLT_1.16.0/GNU-tools-for-STM32/bin/../lib/gcc/arm-none-eabi/12.3.1/thumb/v7e-m+fp/hard\libgcc.a(_dvmd_tls.o)
 .ARM.attributes
                0x000003fb       0x22 C:/ST/STM32CubeCLT_1.16.0/GNU-tools-for-STM32/bin/../lib/gcc/arm-none-eabi/12.3.1/thumb/v7e-m+fp/hard/crtn.o

.comment        0x00000000       0x43
 .comment       0x00000000       0x43 CMakeFiles/4100901-Access_Control_System.dir/Core/Src/main.c.obj
                                 0x44 (size before relaxing)
 .comment       0x00000043       0x44 CMakeFiles/4100901-Access_Control_System.dir/Core/Src/stm32l4xx_it.c.obj
 .comment       0x00000043       0x44 CMakeFiles/4100901-Access_Control_System.dir/Core/Src/stm32l4xx_hal_msp.c.obj
 .comment       0x00000043       0x44 CMakeFiles/4100901-Access_Control_System.dir/Drivers/STM32L4xx_HAL_Driver/Src/stm32l4xx_hal_uart.c.obj
 .comment       0x00000043       0x44 CMakeFiles/4100901-Access_Control_System.dir/Drivers/STM32L4xx_HAL_Driver/Src/stm32l4xx_hal_uart_ex.c.obj
 .comment       0x00000043       0x44 CMakeFiles/4100901-Access_Control_System.dir/Drivers/STM32L4xx_HAL_Driver/Src/stm32l4xx_hal.c.obj
 .comment       0x00000043       0x44 CMakeFiles/4100901-Access_Control_System.dir/Drivers/STM32L4xx_HAL_Driver/Src/stm32l4xx_hal_rcc.c.obj
 .comment       0x00000043       0x44 CMakeFiles/4100901-Access_Control_System.dir/Drivers/STM32L4xx_HAL_Driver/Src/stm32l4xx_hal_rcc_ex.c.obj
 .comment       0x00000043       0x44 CMakeFiles/4100901-Access_Control_System.dir/Drivers/STM32L4xx_HAL_Driver/Src/stm32l4xx_hal_gpio.c.obj
 .comment       0x00000043       0x44 CMakeFiles/4100901-Access_Control_System.dir/Drivers/STM32L4xx_HAL_Driver/Src/stm32l4xx_hal_dma.c.obj
 .comment       0x00000043       0x44 CMakeFiles/4100901-Access_Control_System.dir/Drivers/STM32L4xx_HAL_Driver/Src/stm32l4xx_hal_pwr_ex.c.obj
 .comment       0x00000043       0x44 CMakeFiles/4100901-Access_Control_System.dir/Drivers/STM32L4xx_HAL_Driver/Src/stm32l4xx_hal_cortex.c.obj
 .comment       0x00000043       0x44 CMakeFiles/4100901-Access_Control_System.dir/Core/Src/system_stm32l4xx.c.obj

.debug_frame    0x00000000     0x26d0
 .debug_frame   0x00000000       0x20 C:/ST/STM32CubeCLT_1.16.0/GNU-tools-for-STM32/bin/../lib/gcc/arm-none-eabi/12.3.1/../../../../arm-none-eabi/lib/thumb/v7e-m+fp/hard\libc_nano.a(libc_a-memset.o)
 .debug_frame   0x00000020       0x2c C:/ST/STM32CubeCLT_1.16.0/GNU-tools-for-STM32/bin/../lib/gcc/arm-none-eabi/12.3.1/../../../../arm-none-eabi/lib/thumb/v7e-m+fp/hard\libc_nano.a(libc_a-init.o)
 .debug_frame   0x0000004c       0xa8 CMakeFiles/4100901-Access_Control_System.dir/Core/Src/main.c.obj
 .debug_frame   0x000000f4      0x13c CMakeFiles/4100901-Access_Control_System.dir/Core/Src/stm32l4xx_it.c.obj
 .debug_frame   0x00000230       0x84 CMakeFiles/4100901-Access_Control_System.dir/Core/Src/stm32l4xx_hal_msp.c.obj
 .debug_frame   0x000002b4      0x9f4 CMakeFiles/4100901-Access_Control_System.dir/Drivers/STM32L4xx_HAL_Driver/Src/stm32l4xx_hal_uart.c.obj
 .debug_frame   0x00000ca8      0x204 CMakeFiles/4100901-Access_Control_System.dir/Drivers/STM32L4xx_HAL_Driver/Src/stm32l4xx_hal_uart_ex.c.obj
 .debug_frame   0x00000eac      0x498 CMakeFiles/4100901-Access_Control_System.dir/Drivers/STM32L4xx_HAL_Driver/Src/stm32l4xx_hal.c.obj
 .debug_frame   0x00001344      0x21c CMakeFiles/4100901-Access_Control_System.dir/Drivers/STM32L4xx_HAL_Driver/Src/stm32l4xx_hal_rcc.c.obj
 .debug_frame   0x00001560      0x2fc CMakeFiles/4100901-Access_Control_System.dir/Drivers/STM32L4xx_HAL_Driver/Src/stm32l4xx_hal_rcc_ex.c.obj
 .debug_frame   0x0000185c      0x14c CMakeFiles/4100901-Access_Control_System.dir/Drivers/STM32L4xx_HAL_Driver/Src/stm32l4xx_hal_gpio.c.obj
 .debug_frame   0x000019a8      0x204 CMakeFiles/4100901-Access_Control_System.dir/Drivers/STM32L4xx_HAL_Driver/Src/stm32l4xx_hal_dma.c.obj
 .debug_frame   0x00001bac      0x584 CMakeFiles/4100901-Access_Control_System.dir/Drivers/STM32L4xx_HAL_Driver/Src/stm32l4xx_hal_pwr_ex.c.obj
 .debug_frame   0x00002130      0x4e8 CMakeFiles/4100901-Access_Control_System.dir/Drivers/STM32L4xx_HAL_Driver/Src/stm32l4xx_hal_cortex.c.obj
 .debug_frame   0x00002618       0x58 CMakeFiles/4100901-Access_Control_System.dir/Core/Src/system_stm32l4xx.c.obj
 .debug_frame   0x00002670       0x2c C:/ST/STM32CubeCLT_1.16.0/GNU-tools-for-STM32/bin/../lib/gcc/arm-none-eabi/12.3.1/thumb/v7e-m+fp/hard\libgcc.a(_aeabi_uldivmod.o)
 .debug_frame   0x0000269c       0x34 C:/ST/STM32CubeCLT_1.16.0/GNU-tools-for-STM32/bin/../lib/gcc/arm-none-eabi/12.3.1/thumb/v7e-m+fp/hard\libgcc.a(_udivmoddi4.o)

.debug_info     0x00000000     0xc176
 .debug_info    0x00000000      0xfa5 CMakeFiles/4100901-Access_Control_System.dir/Core/Src/main.c.obj
 .debug_info    0x00000fa5      0x750 CMakeFiles/4100901-Access_Control_System.dir/Core/Src/stm32l4xx_it.c.obj
 .debug_info    0x000016f5      0xfa0 CMakeFiles/4100901-Access_Control_System.dir/Core/Src/stm32l4xx_hal_msp.c.obj
 .debug_info    0x00002695     0x3b69 CMakeFiles/4100901-Access_Control_System.dir/Drivers/STM32L4xx_HAL_Driver/Src/stm32l4xx_hal_uart.c.obj
 .debug_info    0x000061fe      0xdff CMakeFiles/4100901-Access_Control_System.dir/Drivers/STM32L4xx_HAL_Driver/Src/stm32l4xx_hal_uart_ex.c.obj
 .debug_info    0x00006ffd      0xc09 CMakeFiles/4100901-Access_Control_System.dir/Drivers/STM32L4xx_HAL_Driver/Src/stm32l4xx_hal.c.obj
 .debug_info    0x00007c06      0xc14 CMakeFiles/4100901-Access_Control_System.dir/Drivers/STM32L4xx_HAL_Driver/Src/stm32l4xx_hal_rcc.c.obj
 .debug_info    0x0000881a      0xe11 CMakeFiles/4100901-Access_Control_System.dir/Drivers/STM32L4xx_HAL_Driver/Src/stm32l4xx_hal_rcc_ex.c.obj
 .debug_info    0x0000962b      0x757 CMakeFiles/4100901-Access_Control_System.dir/Drivers/STM32L4xx_HAL_Driver/Src/stm32l4xx_hal_gpio.c.obj
 .debug_info    0x00009d82      0x6f4 CMakeFiles/4100901-Access_Control_System.dir/Drivers/STM32L4xx_HAL_Driver/Src/stm32l4xx_hal_dma.c.obj
 .debug_info    0x0000a476      0x99e CMakeFiles/4100901-Access_Control_System.dir/Drivers/STM32L4xx_HAL_Driver/Src/stm32l4xx_hal_pwr_ex.c.obj
 .debug_info    0x0000ae14      0xd81 CMakeFiles/4100901-Access_Control_System.dir/Drivers/STM32L4xx_HAL_Driver/Src/stm32l4xx_hal_cortex.c.obj
 .debug_info    0x0000bb95      0x5b1 CMakeFiles/4100901-Access_Control_System.dir/Core/Src/system_stm32l4xx.c.obj
 .debug_info    0x0000c146       0x30 CMakeFiles/4100901-Access_Control_System.dir/startup_stm32l476xx.s.obj

.debug_abbrev   0x00000000     0x1cd8
 .debug_abbrev  0x00000000      0x24a CMakeFiles/4100901-Access_Control_System.dir/Core/Src/main.c.obj
 .debug_abbrev  0x0000024a      0x172 CMakeFiles/4100901-Access_Control_System.dir/Core/Src/stm32l4xx_it.c.obj
 .debug_abbrev  0x000003bc      0x1d8 CMakeFiles/4100901-Access_Control_System.dir/Core/Src/stm32l4xx_hal_msp.c.obj
 .debug_abbrev  0x00000594      0x2d0 CMakeFiles/4100901-Access_Control_System.dir/Drivers/STM32L4xx_HAL_Driver/Src/stm32l4xx_hal_uart.c.obj
 .debug_abbrev  0x00000864      0x2be CMakeFiles/4100901-Access_Control_System.dir/Drivers/STM32L4xx_HAL_Driver/Src/stm32l4xx_hal_uart_ex.c.obj
 .debug_abbrev  0x00000b22      0x243 CMakeFiles/4100901-Access_Control_System.dir/Drivers/STM32L4xx_HAL_Driver/Src/stm32l4xx_hal.c.obj
 .debug_abbrev  0x00000d65      0x2cb CMakeFiles/4100901-Access_Control_System.dir/Drivers/STM32L4xx_HAL_Driver/Src/stm32l4xx_hal_rcc.c.obj
 .debug_abbrev  0x00001030      0x2a6 CMakeFiles/4100901-Access_Control_System.dir/Drivers/STM32L4xx_HAL_Driver/Src/stm32l4xx_hal_rcc_ex.c.obj
 .debug_abbrev  0x000012d6      0x1cb CMakeFiles/4100901-Access_Control_System.dir/Drivers/STM32L4xx_HAL_Driver/Src/stm32l4xx_hal_gpio.c.obj
 .debug_abbrev  0x000014a1      0x1e4 CMakeFiles/4100901-Access_Control_System.dir/Drivers/STM32L4xx_HAL_Driver/Src/stm32l4xx_hal_dma.c.obj
 .debug_abbrev  0x00001685      0x1f9 CMakeFiles/4100901-Access_Control_System.dir/Drivers/STM32L4xx_HAL_Driver/Src/stm32l4xx_hal_pwr_ex.c.obj
 .debug_abbrev  0x0000187e      0x31c CMakeFiles/4100901-Access_Control_System.dir/Drivers/STM32L4xx_HAL_Driver/Src/stm32l4xx_hal_cortex.c.obj
 .debug_abbrev  0x00001b9a      0x11a CMakeFiles/4100901-Access_Control_System.dir/Core/Src/system_stm32l4xx.c.obj
 .debug_abbrev  0x00001cb4       0x24 CMakeFiles/4100901-Access_Control_System.dir/startup_stm32l476xx.s.obj

.debug_aranges  0x00000000      0x9b8
 .debug_aranges
                0x00000000       0x40 CMakeFiles/4100901-Access_Control_System.dir/Core/Src/main.c.obj
 .debug_aranges
                0x00000040       0x70 CMakeFiles/4100901-Access_Control_System.dir/Core/Src/stm32l4xx_it.c.obj
 .debug_aranges
                0x000000b0       0x30 CMakeFiles/4100901-Access_Control_System.dir/Core/Src/stm32l4xx_hal_msp.c.obj
 .debug_aranges
                0x000000e0      0x228 CMakeFiles/4100901-Access_Control_System.dir/Drivers/STM32L4xx_HAL_Driver/Src/stm32l4xx_hal_uart.c.obj
 .debug_aranges
                0x00000308       0x80 CMakeFiles/4100901-Access_Control_System.dir/Drivers/STM32L4xx_HAL_Driver/Src/stm32l4xx_hal_uart_ex.c.obj
 .debug_aranges
                0x00000388      0x130 CMakeFiles/4100901-Access_Control_System.dir/Drivers/STM32L4xx_HAL_Driver/Src/stm32l4xx_hal.c.obj
 .debug_aranges
                0x000004b8       0x90 CMakeFiles/4100901-Access_Control_System.dir/Drivers/STM32L4xx_HAL_Driver/Src/stm32l4xx_hal_rcc.c.obj
 .debug_aranges
                0x00000548       0xc0 CMakeFiles/4100901-Access_Control_System.dir/Drivers/STM32L4xx_HAL_Driver/Src/stm32l4xx_hal_rcc_ex.c.obj
 .debug_aranges
                0x00000608       0x58 CMakeFiles/4100901-Access_Control_System.dir/Drivers/STM32L4xx_HAL_Driver/Src/stm32l4xx_hal_gpio.c.obj
 .debug_aranges
                0x00000660       0x80 CMakeFiles/4100901-Access_Control_System.dir/Drivers/STM32L4xx_HAL_Driver/Src/stm32l4xx_hal_dma.c.obj
 .debug_aranges
                0x000006e0      0x160 CMakeFiles/4100901-Access_Control_System.dir/Drivers/STM32L4xx_HAL_Driver/Src/stm32l4xx_hal_pwr_ex.c.obj
 .debug_aranges
                0x00000840      0x128 CMakeFiles/4100901-Access_Control_System.dir/Drivers/STM32L4xx_HAL_Driver/Src/stm32l4xx_hal_cortex.c.obj
 .debug_aranges
                0x00000968       0x28 CMakeFiles/4100901-Access_Control_System.dir/Core/Src/system_stm32l4xx.c.obj
 .debug_aranges
                0x00000990       0x28 CMakeFiles/4100901-Access_Control_System.dir/startup_stm32l476xx.s.obj

.debug_rnglists
                0x00000000      0x771
 .debug_rnglists
                0x00000000       0x2d CMakeFiles/4100901-Access_Control_System.dir/Core/Src/main.c.obj
 .debug_rnglists
                0x0000002d       0x4f CMakeFiles/4100901-Access_Control_System.dir/Core/Src/stm32l4xx_it.c.obj
 .debug_rnglists
                0x0000007c       0x20 CMakeFiles/4100901-Access_Control_System.dir/Core/Src/stm32l4xx_hal_msp.c.obj
 .debug_rnglists
                0x0000009c      0x1db CMakeFiles/4100901-Access_Control_System.dir/Drivers/STM32L4xx_HAL_Driver/Src/stm32l4xx_hal_uart.c.obj
 .debug_rnglists
                0x00000277       0x60 CMakeFiles/4100901-Access_Control_System.dir/Drivers/STM32L4xx_HAL_Driver/Src/stm32l4xx_hal_uart_ex.c.obj
 .debug_rnglists
                0x000002d7       0xdf CMakeFiles/4100901-Access_Control_System.dir/Drivers/STM32L4xx_HAL_Driver/Src/stm32l4xx_hal.c.obj
 .debug_rnglists
                0x000003b6       0x6d CMakeFiles/4100901-Access_Control_System.dir/Drivers/STM32L4xx_HAL_Driver/Src/stm32l4xx_hal_rcc.c.obj
 .debug_rnglists
                0x00000423       0x95 CMakeFiles/4100901-Access_Control_System.dir/Drivers/STM32L4xx_HAL_Driver/Src/stm32l4xx_hal_rcc_ex.c.obj
 .debug_rnglists
                0x000004b8       0x3f CMakeFiles/4100901-Access_Control_System.dir/Drivers/STM32L4xx_HAL_Driver/Src/stm32l4xx_hal_gpio.c.obj
 .debug_rnglists
                0x000004f7       0x64 CMakeFiles/4100901-Access_Control_System.dir/Drivers/STM32L4xx_HAL_Driver/Src/stm32l4xx_hal_dma.c.obj
 .debug_rnglists
                0x0000055b      0x109 CMakeFiles/4100901-Access_Control_System.dir/Drivers/STM32L4xx_HAL_Driver/Src/stm32l4xx_hal_pwr_ex.c.obj
 .debug_rnglists
                0x00000664       0xda CMakeFiles/4100901-Access_Control_System.dir/Drivers/STM32L4xx_HAL_Driver/Src/stm32l4xx_hal_cortex.c.obj
 .debug_rnglists
                0x0000073e       0x1a CMakeFiles/4100901-Access_Control_System.dir/Core/Src/system_stm32l4xx.c.obj
 .debug_rnglists
                0x00000758       0x19 CMakeFiles/4100901-Access_Control_System.dir/startup_stm32l476xx.s.obj

.debug_macro    0x00000000    0x24f8d
 .debug_macro   0x00000000      0x1bb CMakeFiles/4100901-Access_Control_System.dir/Core/Src/main.c.obj
 .debug_macro   0x000001bb      0xab4 CMakeFiles/4100901-Access_Control_System.dir/Core/Src/main.c.obj
 .debug_macro   0x00000c6f      0x1a1 CMakeFiles/4100901-Access_Control_System.dir/Core/Src/main.c.obj
 .debug_macro   0x00000e10       0x2e CMakeFiles/4100901-Access_Control_System.dir/Core/Src/main.c.obj
 .debug_macro   0x00000e3e       0x28 CMakeFiles/4100901-Access_Control_System.dir/Core/Src/main.c.obj
 .debug_macro   0x00000e66       0x22 CMakeFiles/4100901-Access_Control_System.dir/Core/Src/main.c.obj
 .debug_macro   0x00000e88       0x8e CMakeFiles/4100901-Access_Control_System.dir/Core/Src/main.c.obj
 .debug_macro   0x00000f16       0x51 CMakeFiles/4100901-Access_Control_System.dir/Core/Src/main.c.obj
 .debug_macro   0x00000f67      0x103 CMakeFiles/4100901-Access_Control_System.dir/Core/Src/main.c.obj
 .debug_macro   0x0000106a       0x6a CMakeFiles/4100901-Access_Control_System.dir/Core/Src/main.c.obj
 .debug_macro   0x000010d4      0x1df CMakeFiles/4100901-Access_Control_System.dir/Core/Src/main.c.obj
 .debug_macro   0x000012b3       0x1c CMakeFiles/4100901-Access_Control_System.dir/Core/Src/main.c.obj
 .debug_macro   0x000012cf       0x22 CMakeFiles/4100901-Access_Control_System.dir/Core/Src/main.c.obj
 .debug_macro   0x000012f1       0xfb CMakeFiles/4100901-Access_Control_System.dir/Core/Src/main.c.obj
 .debug_macro   0x000013ec     0x1011 CMakeFiles/4100901-Access_Control_System.dir/Core/Src/main.c.obj
 .debug_macro   0x000023fd      0x11f CMakeFiles/4100901-Access_Control_System.dir/Core/Src/main.c.obj
 .debug_macro   0x0000251c    0x1a17a CMakeFiles/4100901-Access_Control_System.dir/Core/Src/main.c.obj
 .debug_macro   0x0001c696       0x6d CMakeFiles/4100901-Access_Control_System.dir/Core/Src/main.c.obj
 .debug_macro   0x0001c703     0x38fb CMakeFiles/4100901-Access_Control_System.dir/Core/Src/main.c.obj
 .debug_macro   0x0001fffe      0x189 CMakeFiles/4100901-Access_Control_System.dir/Core/Src/main.c.obj
 .debug_macro   0x00020187       0x5c CMakeFiles/4100901-Access_Control_System.dir/Core/Src/main.c.obj
 .debug_macro   0x000201e3     0x159e CMakeFiles/4100901-Access_Control_System.dir/Core/Src/main.c.obj
 .debug_macro   0x00021781      0x5a5 CMakeFiles/4100901-Access_Control_System.dir/Core/Src/main.c.obj
 .debug_macro   0x00021d26      0x1b9 CMakeFiles/4100901-Access_Control_System.dir/Core/Src/main.c.obj
 .debug_macro   0x00021edf      0x18b CMakeFiles/4100901-Access_Control_System.dir/Core/Src/main.c.obj
 .debug_macro   0x0002206a      0x26b CMakeFiles/4100901-Access_Control_System.dir/Core/Src/main.c.obj
 .debug_macro   0x000222d5      0x23d CMakeFiles/4100901-Access_Control_System.dir/Core/Src/main.c.obj
 .debug_macro   0x00022512      0x241 CMakeFiles/4100901-Access_Control_System.dir/Core/Src/main.c.obj
 .debug_macro   0x00022753      0x37c CMakeFiles/4100901-Access_Control_System.dir/Core/Src/main.c.obj
 .debug_macro   0x00022acf       0xd6 CMakeFiles/4100901-Access_Control_System.dir/Core/Src/main.c.obj
 .debug_macro   0x00022ba5      0x122 CMakeFiles/4100901-Access_Control_System.dir/Core/Src/main.c.obj
 .debug_macro   0x00022cc7      0x3ef CMakeFiles/4100901-Access_Control_System.dir/Core/Src/main.c.obj
 .debug_macro   0x000230b6      0x5cf CMakeFiles/4100901-Access_Control_System.dir/Core/Src/main.c.obj
 .debug_macro   0x00023685       0x44 CMakeFiles/4100901-Access_Control_System.dir/Core/Src/main.c.obj
 .debug_macro   0x000236c9      0x330 CMakeFiles/4100901-Access_Control_System.dir/Core/Src/main.c.obj
 .debug_macro   0x000239f9       0x40 CMakeFiles/4100901-Access_Control_System.dir/Core/Src/main.c.obj
 .debug_macro   0x00023a39      0x1c5 CMakeFiles/4100901-Access_Control_System.dir/Core/Src/stm32l4xx_it.c.obj
 .debug_macro   0x00023bfe      0x1bb CMakeFiles/4100901-Access_Control_System.dir/Core/Src/stm32l4xx_hal_msp.c.obj
 .debug_macro   0x00023db9      0x1d7 CMakeFiles/4100901-Access_Control_System.dir/Drivers/STM32L4xx_HAL_Driver/Src/stm32l4xx_hal_uart.c.obj
 .debug_macro   0x00023f90      0x1ac CMakeFiles/4100901-Access_Control_System.dir/Drivers/STM32L4xx_HAL_Driver/Src/stm32l4xx_hal_uart_ex.c.obj
 .debug_macro   0x0002413c      0x1fa CMakeFiles/4100901-Access_Control_System.dir/Drivers/STM32L4xx_HAL_Driver/Src/stm32l4xx_hal.c.obj
 .debug_macro   0x00024336      0x1ee CMakeFiles/4100901-Access_Control_System.dir/Drivers/STM32L4xx_HAL_Driver/Src/stm32l4xx_hal_rcc.c.obj
 .debug_macro   0x00024524      0x1e2 CMakeFiles/4100901-Access_Control_System.dir/Drivers/STM32L4xx_HAL_Driver/Src/stm32l4xx_hal_rcc_ex.c.obj
 .debug_macro   0x00024706      0x1b3 CMakeFiles/4100901-Access_Control_System.dir/Drivers/STM32L4xx_HAL_Driver/Src/stm32l4xx_hal_gpio.c.obj
 .debug_macro   0x000248b9      0x1ac CMakeFiles/4100901-Access_Control_System.dir/Drivers/STM32L4xx_HAL_Driver/Src/stm32l4xx_hal_dma.c.obj
 .debug_macro   0x00024a65      0x1d0 CMakeFiles/4100901-Access_Control_System.dir/Drivers/STM32L4xx_HAL_Driver/Src/stm32l4xx_hal_pwr_ex.c.obj
 .debug_macro   0x00024c35      0x1ac CMakeFiles/4100901-Access_Control_System.dir/Drivers/STM32L4xx_HAL_Driver/Src/stm32l4xx_hal_cortex.c.obj
 .debug_macro   0x00024de1      0x1ac CMakeFiles/4100901-Access_Control_System.dir/Core/Src/system_stm32l4xx.c.obj

.debug_line     0x00000000     0xc4ad
 .debug_line    0x00000000      0x864 CMakeFiles/4100901-Access_Control_System.dir/Core/Src/main.c.obj
 .debug_line    0x00000864      0x867 CMakeFiles/4100901-Access_Control_System.dir/Core/Src/stm32l4xx_it.c.obj
 .debug_line    0x000010cb      0x7d6 CMakeFiles/4100901-Access_Control_System.dir/Core/Src/stm32l4xx_hal_msp.c.obj
 .debug_line    0x000018a1     0x327c CMakeFiles/4100901-Access_Control_System.dir/Drivers/STM32L4xx_HAL_Driver/Src/stm32l4xx_hal_uart.c.obj
 .debug_line    0x00004b1d      0xc70 CMakeFiles/4100901-Access_Control_System.dir/Drivers/STM32L4xx_HAL_Driver/Src/stm32l4xx_hal_uart_ex.c.obj
 .debug_line    0x0000578d      0xb6b CMakeFiles/4100901-Access_Control_System.dir/Drivers/STM32L4xx_HAL_Driver/Src/stm32l4xx_hal.c.obj
 .debug_line    0x000062f8      0xfe3 CMakeFiles/4100901-Access_Control_System.dir/Drivers/STM32L4xx_HAL_Driver/Src/stm32l4xx_hal_rcc.c.obj
 .debug_line    0x000072db     0x1555 CMakeFiles/4100901-Access_Control_System.dir/Drivers/STM32L4xx_HAL_Driver/Src/stm32l4xx_hal_rcc_ex.c.obj
 .debug_line    0x00008830      0xbf6 CMakeFiles/4100901-Access_Control_System.dir/Drivers/STM32L4xx_HAL_Driver/Src/stm32l4xx_hal_gpio.c.obj
 .debug_line    0x00009426      0xd6f CMakeFiles/4100901-Access_Control_System.dir/Drivers/STM32L4xx_HAL_Driver/Src/stm32l4xx_hal_dma.c.obj
 .debug_line    0x0000a195      0xd5c CMakeFiles/4100901-Access_Control_System.dir/Drivers/STM32L4xx_HAL_Driver/Src/stm32l4xx_hal_pwr_ex.c.obj
 .debug_line    0x0000aef1      0xd33 CMakeFiles/4100901-Access_Control_System.dir/Drivers/STM32L4xx_HAL_Driver/Src/stm32l4xx_hal_cortex.c.obj
 .debug_line    0x0000bc24      0x80f CMakeFiles/4100901-Access_Control_System.dir/Core/Src/system_stm32l4xx.c.obj
 .debug_line    0x0000c433       0x7a CMakeFiles/4100901-Access_Control_System.dir/startup_stm32l476xx.s.obj

.debug_str      0x00000000    0xe4370
 .debug_str     0x00000000    0xe170d CMakeFiles/4100901-Access_Control_System.dir/Core/Src/main.c.obj
                              0xe1aa8 (size before relaxing)
 .debug_str     0x000e170d      0x15c CMakeFiles/4100901-Access_Control_System.dir/Core/Src/stm32l4xx_it.c.obj
                              0xe128d (size before relaxing)
 .debug_str     0x000e1869      0x32d CMakeFiles/4100901-Access_Control_System.dir/Core/Src/stm32l4xx_hal_msp.c.obj
                              0xe1b8d (size before relaxing)
 .debug_str     0x000e1b96      0x997 CMakeFiles/4100901-Access_Control_System.dir/Drivers/STM32L4xx_HAL_Driver/Src/stm32l4xx_hal_uart.c.obj
                              0xe1bd5 (size before relaxing)
 .debug_str     0x000e252d      0x23f CMakeFiles/4100901-Access_Control_System.dir/Drivers/STM32L4xx_HAL_Driver/Src/stm32l4xx_hal_uart_ex.c.obj
                              0xe1401 (size before relaxing)
 .debug_str     0x000e276c      0x6ea CMakeFiles/4100901-Access_Control_System.dir/Drivers/STM32L4xx_HAL_Driver/Src/stm32l4xx_hal.c.obj
                              0xe1a7c (size before relaxing)
 .debug_str     0x000e2e56      0x40b CMakeFiles/4100901-Access_Control_System.dir/Drivers/STM32L4xx_HAL_Driver/Src/stm32l4xx_hal_rcc.c.obj
                              0xe14c3 (size before relaxing)
 .debug_str     0x000e3261      0x445 CMakeFiles/4100901-Access_Control_System.dir/Drivers/STM32L4xx_HAL_Driver/Src/stm32l4xx_hal_rcc_ex.c.obj
                              0xe163c (size before relaxing)
 .debug_str     0x000e36a6      0x102 CMakeFiles/4100901-Access_Control_System.dir/Drivers/STM32L4xx_HAL_Driver/Src/stm32l4xx_hal_gpio.c.obj
                              0xe0ff6 (size before relaxing)
 .debug_str     0x000e37a8      0x251 CMakeFiles/4100901-Access_Control_System.dir/Drivers/STM32L4xx_HAL_Driver/Src/stm32l4xx_hal_dma.c.obj
                              0xe10e7 (size before relaxing)
 .debug_str     0x000e39f9      0x4f0 CMakeFiles/4100901-Access_Control_System.dir/Drivers/STM32L4xx_HAL_Driver/Src/stm32l4xx_hal_pwr_ex.c.obj
                              0xe13d8 (size before relaxing)
 .debug_str     0x000e3ee9      0x394 CMakeFiles/4100901-Access_Control_System.dir/Drivers/STM32L4xx_HAL_Driver/Src/stm32l4xx_hal_cortex.c.obj
                              0xe16f6 (size before relaxing)
 .debug_str     0x000e427d       0x7f CMakeFiles/4100901-Access_Control_System.dir/Core/Src/system_stm32l4xx.c.obj
                              0xe0e7d (size before relaxing)
 .debug_str     0x000e42fc       0x74 CMakeFiles/4100901-Access_Control_System.dir/startup_stm32l476xx.s.obj
                                 0xc2 (size before relaxing)

.debug_line_str
                0x00000000       0xa6
 .debug_line_str
                0x00000000       0xa6 CMakeFiles/4100901-Access_Control_System.dir/startup_stm32l476xx.s.obj
